/home/hikaru/.pyenv/shims/python3:3
[ -n "$PYENV_DEBUG" ] && set -x
     ^^^^^^^^^^^^^^

SyntaxError: Unexpected string
    at wrapSafe (internal/modules/cjs/loader.js:1029:16)
    at Module._compile (internal/modules/cjs/loader.js:1078:27)
    at Object.Module._extensions..js (internal/modules/cjs/loader.js:1143:10)
    at Module.load (internal/modules/cjs/loader.js:979:32)
    at Function.Module._load (internal/modules/cjs/loader.js:819:12)
    at /home/hikaru/.nvm/versions/node/v14.21.3/lib/node_modules/pm2/lib/ProcessContainer.js:304:25
    at wrapper (/home/hikaru/.nvm/versions/node/v14.21.3/lib/node_modules/pm2/node_modules/async/internal/once.js:12:16)
    at next (/home/hikaru/.nvm/versions/node/v14.21.3/lib/node_modules/pm2/node_modules/async/waterfall.js:96:20)
    at /home/hikaru/.nvm/versions/node/v14.21.3/lib/node_modules/pm2/node_modules/async/internal/onlyOnce.js:12:16
    at WriteStream.<anonymous> (/home/hikaru/.nvm/versions/node/v14.21.3/lib/node_modules/pm2/lib/Utility.js:186:13)
/home/hikaru/.pyenv/shims/python3:3
[ -n "$PYENV_DEBUG" ] && set -x
     ^^^^^^^^^^^^^^

SyntaxError: Unexpected string
    at wrapSafe (internal/modules/cjs/loader.js:1029:16)
    at Module._compile (internal/modules/cjs/loader.js:1078:27)
    at Object.Module._extensions..js (internal/modules/cjs/loader.js:1143:10)
    at Module.load (internal/modules/cjs/loader.js:979:32)
    at Function.Module._load (internal/modules/cjs/loader.js:819:12)
    at /home/hikaru/.nvm/versions/node/v14.21.3/lib/node_modules/pm2/lib/ProcessContainer.js:304:25
    at wrapper (/home/hikaru/.nvm/versions/node/v14.21.3/lib/node_modules/pm2/node_modules/async/internal/once.js:12:16)
    at next (/home/hikaru/.nvm/versions/node/v14.21.3/lib/node_modules/pm2/node_modules/async/waterfall.js:96:20)
    at /home/hikaru/.nvm/versions/node/v14.21.3/lib/node_modules/pm2/node_modules/async/internal/onlyOnce.js:12:16
    at WriteStream.<anonymous> (/home/hikaru/.nvm/versions/node/v14.21.3/lib/node_modules/pm2/lib/Utility.js:186:13)
/home/hikaru/.pyenv/shims/python3:3
[ -n "$PYENV_DEBUG" ] && set -x
     ^^^^^^^^^^^^^^

SyntaxError: Unexpected string
    at wrapSafe (internal/modules/cjs/loader.js:1029:16)
    at Module._compile (internal/modules/cjs/loader.js:1078:27)
    at Object.Module._extensions..js (internal/modules/cjs/loader.js:1143:10)
    at Module.load (internal/modules/cjs/loader.js:979:32)
    at Function.Module._load (internal/modules/cjs/loader.js:819:12)
    at /home/hikaru/.nvm/versions/node/v14.21.3/lib/node_modules/pm2/lib/ProcessContainer.js:304:25
    at wrapper (/home/hikaru/.nvm/versions/node/v14.21.3/lib/node_modules/pm2/node_modules/async/internal/once.js:12:16)
    at next (/home/hikaru/.nvm/versions/node/v14.21.3/lib/node_modules/pm2/node_modules/async/waterfall.js:96:20)
    at /home/hikaru/.nvm/versions/node/v14.21.3/lib/node_modules/pm2/node_modules/async/internal/onlyOnce.js:12:16
    at WriteStream.<anonymous> (/home/hikaru/.nvm/versions/node/v14.21.3/lib/node_modules/pm2/lib/Utility.js:186:13)
/home/hikaru/.pyenv/shims/python3:3
[ -n "$PYENV_DEBUG" ] && set -x
     ^^^^^^^^^^^^^^

SyntaxError: Unexpected string
    at wrapSafe (internal/modules/cjs/loader.js:1029:16)
    at Module._compile (internal/modules/cjs/loader.js:1078:27)
    at Object.Module._extensions..js (internal/modules/cjs/loader.js:1143:10)
    at Module.load (internal/modules/cjs/loader.js:979:32)
    at Function.Module._load (internal/modules/cjs/loader.js:819:12)
    at /home/hikaru/.nvm/versions/node/v14.21.3/lib/node_modules/pm2/lib/ProcessContainer.js:304:25
    at wrapper (/home/hikaru/.nvm/versions/node/v14.21.3/lib/node_modules/pm2/node_modules/async/internal/once.js:12:16)
    at next (/home/hikaru/.nvm/versions/node/v14.21.3/lib/node_modules/pm2/node_modules/async/waterfall.js:96:20)
    at /home/hikaru/.nvm/versions/node/v14.21.3/lib/node_modules/pm2/node_modules/async/internal/onlyOnce.js:12:16
    at WriteStream.<anonymous> (/home/hikaru/.nvm/versions/node/v14.21.3/lib/node_modules/pm2/lib/Utility.js:186:13)
/home/hikaru/.pyenv/shims/python3:3
[ -n "$PYENV_DEBUG" ] && set -x
     ^^^^^^^^^^^^^^

SyntaxError: Unexpected string
    at wrapSafe (internal/modules/cjs/loader.js:1029:16)
    at Module._compile (internal/modules/cjs/loader.js:1078:27)
    at Object.Module._extensions..js (internal/modules/cjs/loader.js:1143:10)
    at Module.load (internal/modules/cjs/loader.js:979:32)
    at Function.Module._load (internal/modules/cjs/loader.js:819:12)
    at /home/hikaru/.nvm/versions/node/v14.21.3/lib/node_modules/pm2/lib/ProcessContainer.js:304:25
    at wrapper (/home/hikaru/.nvm/versions/node/v14.21.3/lib/node_modules/pm2/node_modules/async/internal/once.js:12:16)
    at next (/home/hikaru/.nvm/versions/node/v14.21.3/lib/node_modules/pm2/node_modules/async/waterfall.js:96:20)
    at /home/hikaru/.nvm/versions/node/v14.21.3/lib/node_modules/pm2/node_modules/async/internal/onlyOnce.js:12:16
    at WriteStream.<anonymous> (/home/hikaru/.nvm/versions/node/v14.21.3/lib/node_modules/pm2/lib/Utility.js:186:13)
/home/hikaru/.pyenv/shims/python3:3
[ -n "$PYENV_DEBUG" ] && set -x
     ^^^^^^^^^^^^^^

SyntaxError: Unexpected string
    at wrapSafe (internal/modules/cjs/loader.js:1029:16)
    at Module._compile (internal/modules/cjs/loader.js:1078:27)
    at Object.Module._extensions..js (internal/modules/cjs/loader.js:1143:10)
    at Module.load (internal/modules/cjs/loader.js:979:32)
    at Function.Module._load (internal/modules/cjs/loader.js:819:12)
    at /home/hikaru/.nvm/versions/node/v14.21.3/lib/node_modules/pm2/lib/ProcessContainer.js:304:25
    at wrapper (/home/hikaru/.nvm/versions/node/v14.21.3/lib/node_modules/pm2/node_modules/async/internal/once.js:12:16)
    at next (/home/hikaru/.nvm/versions/node/v14.21.3/lib/node_modules/pm2/node_modules/async/waterfall.js:96:20)
    at /home/hikaru/.nvm/versions/node/v14.21.3/lib/node_modules/pm2/node_modules/async/internal/onlyOnce.js:12:16
    at WriteStream.<anonymous> (/home/hikaru/.nvm/versions/node/v14.21.3/lib/node_modules/pm2/lib/Utility.js:186:13)
/home/hikaru/.pyenv/shims/python3:3
[ -n "$PYENV_DEBUG" ] && set -x
     ^^^^^^^^^^^^^^

SyntaxError: Unexpected string
    at wrapSafe (internal/modules/cjs/loader.js:1029:16)
    at Module._compile (internal/modules/cjs/loader.js:1078:27)
    at Object.Module._extensions..js (internal/modules/cjs/loader.js:1143:10)
    at Module.load (internal/modules/cjs/loader.js:979:32)
    at Function.Module._load (internal/modules/cjs/loader.js:819:12)
    at /home/hikaru/.nvm/versions/node/v14.21.3/lib/node_modules/pm2/lib/ProcessContainer.js:304:25
    at wrapper (/home/hikaru/.nvm/versions/node/v14.21.3/lib/node_modules/pm2/node_modules/async/internal/once.js:12:16)
    at next (/home/hikaru/.nvm/versions/node/v14.21.3/lib/node_modules/pm2/node_modules/async/waterfall.js:96:20)
    at /home/hikaru/.nvm/versions/node/v14.21.3/lib/node_modules/pm2/node_modules/async/internal/onlyOnce.js:12:16
    at WriteStream.<anonymous> (/home/hikaru/.nvm/versions/node/v14.21.3/lib/node_modules/pm2/lib/Utility.js:186:13)
/home/hikaru/.pyenv/shims/python3:3
[ -n "$PYENV_DEBUG" ] && set -x
     ^^^^^^^^^^^^^^

SyntaxError: Unexpected string
    at wrapSafe (internal/modules/cjs/loader.js:1029:16)
    at Module._compile (internal/modules/cjs/loader.js:1078:27)
    at Object.Module._extensions..js (internal/modules/cjs/loader.js:1143:10)
    at Module.load (internal/modules/cjs/loader.js:979:32)
    at Function.Module._load (internal/modules/cjs/loader.js:819:12)
    at /home/hikaru/.nvm/versions/node/v14.21.3/lib/node_modules/pm2/lib/ProcessContainer.js:304:25
    at wrapper (/home/hikaru/.nvm/versions/node/v14.21.3/lib/node_modules/pm2/node_modules/async/internal/once.js:12:16)
    at next (/home/hikaru/.nvm/versions/node/v14.21.3/lib/node_modules/pm2/node_modules/async/waterfall.js:96:20)
    at /home/hikaru/.nvm/versions/node/v14.21.3/lib/node_modules/pm2/node_modules/async/internal/onlyOnce.js:12:16
    at WriteStream.<anonymous> (/home/hikaru/.nvm/versions/node/v14.21.3/lib/node_modules/pm2/lib/Utility.js:186:13)
/home/hikaru/.pyenv/shims/python3:3
[ -n "$PYENV_DEBUG" ] && set -x
     ^^^^^^^^^^^^^^

SyntaxError: Unexpected string
    at wrapSafe (internal/modules/cjs/loader.js:1029:16)
    at Module._compile (internal/modules/cjs/loader.js:1078:27)
    at Object.Module._extensions..js (internal/modules/cjs/loader.js:1143:10)
    at Module.load (internal/modules/cjs/loader.js:979:32)
    at Function.Module._load (internal/modules/cjs/loader.js:819:12)
    at /home/hikaru/.nvm/versions/node/v14.21.3/lib/node_modules/pm2/lib/ProcessContainer.js:304:25
    at wrapper (/home/hikaru/.nvm/versions/node/v14.21.3/lib/node_modules/pm2/node_modules/async/internal/once.js:12:16)
    at next (/home/hikaru/.nvm/versions/node/v14.21.3/lib/node_modules/pm2/node_modules/async/waterfall.js:96:20)
    at /home/hikaru/.nvm/versions/node/v14.21.3/lib/node_modules/pm2/node_modules/async/internal/onlyOnce.js:12:16
    at WriteStream.<anonymous> (/home/hikaru/.nvm/versions/node/v14.21.3/lib/node_modules/pm2/lib/Utility.js:186:13)
/home/hikaru/.pyenv/shims/python3:3
[ -n "$PYENV_DEBUG" ] && set -x
     ^^^^^^^^^^^^^^

SyntaxError: Unexpected string
    at wrapSafe (internal/modules/cjs/loader.js:1029:16)
    at Module._compile (internal/modules/cjs/loader.js:1078:27)
    at Object.Module._extensions..js (internal/modules/cjs/loader.js:1143:10)
    at Module.load (internal/modules/cjs/loader.js:979:32)
    at Function.Module._load (internal/modules/cjs/loader.js:819:12)
    at /home/hikaru/.nvm/versions/node/v14.21.3/lib/node_modules/pm2/lib/ProcessContainer.js:304:25
    at wrapper (/home/hikaru/.nvm/versions/node/v14.21.3/lib/node_modules/pm2/node_modules/async/internal/once.js:12:16)
    at next (/home/hikaru/.nvm/versions/node/v14.21.3/lib/node_modules/pm2/node_modules/async/waterfall.js:96:20)
    at /home/hikaru/.nvm/versions/node/v14.21.3/lib/node_modules/pm2/node_modules/async/internal/onlyOnce.js:12:16
    at WriteStream.<anonymous> (/home/hikaru/.nvm/versions/node/v14.21.3/lib/node_modules/pm2/lib/Utility.js:186:13)
/home/hikaru/.pyenv/shims/python3:3
[ -n "$PYENV_DEBUG" ] && set -x
     ^^^^^^^^^^^^^^

SyntaxError: Unexpected string
    at wrapSafe (internal/modules/cjs/loader.js:1029:16)
    at Module._compile (internal/modules/cjs/loader.js:1078:27)
    at Object.Module._extensions..js (internal/modules/cjs/loader.js:1143:10)
    at Module.load (internal/modules/cjs/loader.js:979:32)
    at Function.Module._load (internal/modules/cjs/loader.js:819:12)
    at /home/hikaru/.nvm/versions/node/v14.21.3/lib/node_modules/pm2/lib/ProcessContainer.js:304:25
    at wrapper (/home/hikaru/.nvm/versions/node/v14.21.3/lib/node_modules/pm2/node_modules/async/internal/once.js:12:16)
    at next (/home/hikaru/.nvm/versions/node/v14.21.3/lib/node_modules/pm2/node_modules/async/waterfall.js:96:20)
    at /home/hikaru/.nvm/versions/node/v14.21.3/lib/node_modules/pm2/node_modules/async/internal/onlyOnce.js:12:16
    at WriteStream.<anonymous> (/home/hikaru/.nvm/versions/node/v14.21.3/lib/node_modules/pm2/lib/Utility.js:186:13)
/home/hikaru/.pyenv/shims/python3:3
[ -n "$PYENV_DEBUG" ] && set -x
     ^^^^^^^^^^^^^^

SyntaxError: Unexpected string
    at wrapSafe (internal/modules/cjs/loader.js:1029:16)
    at Module._compile (internal/modules/cjs/loader.js:1078:27)
    at Object.Module._extensions..js (internal/modules/cjs/loader.js:1143:10)
    at Module.load (internal/modules/cjs/loader.js:979:32)
    at Function.Module._load (internal/modules/cjs/loader.js:819:12)
    at /home/hikaru/.nvm/versions/node/v14.21.3/lib/node_modules/pm2/lib/ProcessContainer.js:304:25
    at wrapper (/home/hikaru/.nvm/versions/node/v14.21.3/lib/node_modules/pm2/node_modules/async/internal/once.js:12:16)
    at next (/home/hikaru/.nvm/versions/node/v14.21.3/lib/node_modules/pm2/node_modules/async/waterfall.js:96:20)
    at /home/hikaru/.nvm/versions/node/v14.21.3/lib/node_modules/pm2/node_modules/async/internal/onlyOnce.js:12:16
    at WriteStream.<anonymous> (/home/hikaru/.nvm/versions/node/v14.21.3/lib/node_modules/pm2/lib/Utility.js:186:13)
/home/hikaru/.pyenv/shims/python3:3
[ -n "$PYENV_DEBUG" ] && set -x
     ^^^^^^^^^^^^^^

SyntaxError: Unexpected string
    at wrapSafe (internal/modules/cjs/loader.js:1029:16)
    at Module._compile (internal/modules/cjs/loader.js:1078:27)
    at Object.Module._extensions..js (internal/modules/cjs/loader.js:1143:10)
    at Module.load (internal/modules/cjs/loader.js:979:32)
    at Function.Module._load (internal/modules/cjs/loader.js:819:12)
    at /home/hikaru/.nvm/versions/node/v14.21.3/lib/node_modules/pm2/lib/ProcessContainer.js:304:25
    at wrapper (/home/hikaru/.nvm/versions/node/v14.21.3/lib/node_modules/pm2/node_modules/async/internal/once.js:12:16)
    at next (/home/hikaru/.nvm/versions/node/v14.21.3/lib/node_modules/pm2/node_modules/async/waterfall.js:96:20)
    at /home/hikaru/.nvm/versions/node/v14.21.3/lib/node_modules/pm2/node_modules/async/internal/onlyOnce.js:12:16
    at WriteStream.<anonymous> (/home/hikaru/.nvm/versions/node/v14.21.3/lib/node_modules/pm2/lib/Utility.js:186:13)
/home/hikaru/.pyenv/shims/python3:3
[ -n "$PYENV_DEBUG" ] && set -x
     ^^^^^^^^^^^^^^

SyntaxError: Unexpected string
    at wrapSafe (internal/modules/cjs/loader.js:1029:16)
    at Module._compile (internal/modules/cjs/loader.js:1078:27)
    at Object.Module._extensions..js (internal/modules/cjs/loader.js:1143:10)
    at Module.load (internal/modules/cjs/loader.js:979:32)
    at Function.Module._load (internal/modules/cjs/loader.js:819:12)
    at /home/hikaru/.nvm/versions/node/v14.21.3/lib/node_modules/pm2/lib/ProcessContainer.js:304:25
    at wrapper (/home/hikaru/.nvm/versions/node/v14.21.3/lib/node_modules/pm2/node_modules/async/internal/once.js:12:16)
    at next (/home/hikaru/.nvm/versions/node/v14.21.3/lib/node_modules/pm2/node_modules/async/waterfall.js:96:20)
    at /home/hikaru/.nvm/versions/node/v14.21.3/lib/node_modules/pm2/node_modules/async/internal/onlyOnce.js:12:16
    at WriteStream.<anonymous> (/home/hikaru/.nvm/versions/node/v14.21.3/lib/node_modules/pm2/lib/Utility.js:186:13)
/home/hikaru/.pyenv/shims/python3:3
[ -n "$PYENV_DEBUG" ] && set -x
     ^^^^^^^^^^^^^^

SyntaxError: Unexpected string
    at wrapSafe (internal/modules/cjs/loader.js:1029:16)
    at Module._compile (internal/modules/cjs/loader.js:1078:27)
    at Object.Module._extensions..js (internal/modules/cjs/loader.js:1143:10)
    at Module.load (internal/modules/cjs/loader.js:979:32)
    at Function.Module._load (internal/modules/cjs/loader.js:819:12)
    at /home/hikaru/.nvm/versions/node/v14.21.3/lib/node_modules/pm2/lib/ProcessContainer.js:304:25
    at wrapper (/home/hikaru/.nvm/versions/node/v14.21.3/lib/node_modules/pm2/node_modules/async/internal/once.js:12:16)
    at next (/home/hikaru/.nvm/versions/node/v14.21.3/lib/node_modules/pm2/node_modules/async/waterfall.js:96:20)
    at /home/hikaru/.nvm/versions/node/v14.21.3/lib/node_modules/pm2/node_modules/async/internal/onlyOnce.js:12:16
    at WriteStream.<anonymous> (/home/hikaru/.nvm/versions/node/v14.21.3/lib/node_modules/pm2/lib/Utility.js:186:13)
/home/hikaru/.pyenv/shims/python3:3
[ -n "$PYENV_DEBUG" ] && set -x
     ^^^^^^^^^^^^^^

SyntaxError: Unexpected string
    at wrapSafe (internal/modules/cjs/loader.js:1029:16)
    at Module._compile (internal/modules/cjs/loader.js:1078:27)
    at Object.Module._extensions..js (internal/modules/cjs/loader.js:1143:10)
    at Module.load (internal/modules/cjs/loader.js:979:32)
    at Function.Module._load (internal/modules/cjs/loader.js:819:12)
    at /home/hikaru/.nvm/versions/node/v14.21.3/lib/node_modules/pm2/lib/ProcessContainer.js:304:25
    at wrapper (/home/hikaru/.nvm/versions/node/v14.21.3/lib/node_modules/pm2/node_modules/async/internal/once.js:12:16)
    at next (/home/hikaru/.nvm/versions/node/v14.21.3/lib/node_modules/pm2/node_modules/async/waterfall.js:96:20)
    at /home/hikaru/.nvm/versions/node/v14.21.3/lib/node_modules/pm2/node_modules/async/internal/onlyOnce.js:12:16
    at WriteStream.<anonymous> (/home/hikaru/.nvm/versions/node/v14.21.3/lib/node_modules/pm2/lib/Utility.js:186:13)
2025-08-20T14:05:51: ❌ Lỗi: [Errno 98] Address already in use
2025-08-20T14:05:52: ❌ Lỗi: [Errno 98] Address already in use
2025-08-20T14:05:52: ❌ Lỗi: [Errno 98] Address already in use
2025-08-20T14:05:53: ❌ Lỗi: [Errno 98] Address already in use
2025-08-20T14:05:54: ❌ Lỗi: [Errno 98] Address already in use
2025-08-20T14:05:54: ❌ Lỗi: [Errno 98] Address already in use
2025-08-20T14:05:55: ❌ Lỗi: [Errno 98] Address already in use
2025-08-20T14:05:56: ❌ Lỗi: [Errno 98] Address already in use
2025-08-20T14:05:56: 
2025-08-20T14:05:56: ❌ Lỗi: [Errno 98] Address already in use
2025-08-20T14:05:57: ❌ Lỗi: [Errno 98] Address already in use
2025-08-20T14:05:57: ❌ Lỗi: [Errno 98] Address already in use
2025-08-20T14:05:58: ❌ Lỗi: [Errno 98] Address already in use
2025-08-20T14:05:59: ❌ Lỗi: [Errno 98] Address already in use
2025-08-20T14:05:59: ❌ Lỗi: [Errno 98] Address already in use
2025-08-20T14:06:00: ❌ Lỗi: [Errno 98] Address already in use
2025-08-20T14:06:01: ❌ Lỗi: [Errno 98] Address already in use
2025-08-20T14:07:11: 🚀 Server đang chạy trên http://localhost:8000
2025-08-20T14:07:11: 📁 Thư mục: /home/hikaru/tracnghiem
2025-08-20T14:07:11: ⏹️  Nhấn Ctrl+C để dừng server
2025-08-20T14:07:18: 127.0.0.1 - - [20/Aug/2025 14:07:18] "GET / HTTP/1.1" 200 -
2025-08-20T14:08:24: 
2025-08-20T14:08:24: 🛑 Server đã dừng
2025-08-20T14:08:25: 🚀 Server đang chạy trên http://localhost:8000
2025-08-20T14:08:25: 📁 Thư mục: /home/hikaru/tracnghiem
2025-08-20T14:08:25: ⏹️  Nhấn Ctrl+C để dừng server
2025-08-20T14:08:36: 127.0.0.1 - - [20/Aug/2025 14:08:36] "GET / HTTP/1.1" 200 -
2025-08-20T14:08:36: 127.0.0.1 - - [20/Aug/2025 14:08:36] "GET /style.css HTTP/1.1" 200 -
2025-08-20T14:08:36: 127.0.0.1 - - [20/Aug/2025 14:08:36] "GET /script.js HTTP/1.1" 200 -
2025-08-20T14:08:38: 127.0.0.1 - - [20/Aug/2025 14:08:38] "GET /questions.json HTTP/1.1" 200 -
2025-08-20T14:08:39: 127.0.0.1 - - [20/Aug/2025 14:08:39] code 404, message File not found
2025-08-20T14:08:39: 127.0.0.1 - - [20/Aug/2025 14:08:39] "GET /favicon.ico HTTP/1.1" 404 -
2025-08-20T14:12:24: 
2025-08-20T14:12:24: 🛑 Server đã dừng
2025-08-20T14:12:25: 🚀 Server đang chạy trên http://localhost:8000
2025-08-20T14:12:25: 📁 Thư mục: /home/hikaru/tracnghiem
2025-08-20T14:12:25: ⏹️  Nhấn Ctrl+C để dừng server
2025-08-20T14:13:04: 127.0.0.1 - - [20/Aug/2025 14:13:04] "GET /demo_result.html HTTP/1.1" 200 -
2025-08-20T20:16:19: 
2025-08-20T20:16:19: 🛑 Server đã dừng
2025-08-20T20:16:20: 🚀 Server đang chạy trên http://localhost:8000
2025-08-20T20:16:20: 📁 Thư mục: /home/hikaru/tracnghiem
2025-08-20T20:16:20: ⏹️  Nhấn Ctrl+C để dừng server
2025-08-20T20:21:37: 
2025-08-20T20:21:37: 🛑 Server đã dừng
2025-08-20T20:21:38: 🚀 Server đang chạy trên http://localhost:8000
2025-08-20T20:21:38: 📁 Thư mục: /home/hikaru/tracnghiem
2025-08-20T20:21:38: ⏹️  Nhấn Ctrl+C để dừng server
2025-08-20T20:21:41: 127.0.0.1 - - [20/Aug/2025 20:21:41] "GET / HTTP/1.1" 304 -
2025-08-20T20:21:41: 127.0.0.1 - - [20/Aug/2025 20:21:41] "GET /style.css HTTP/1.1" 200 -
2025-08-20T20:21:41: 127.0.0.1 - - [20/Aug/2025 20:21:41] "GET /script.js HTTP/1.1" 200 -
2025-08-20T20:21:43: 127.0.0.1 - - [20/Aug/2025 20:21:43] "GET /questions.json HTTP/1.1" 200 -
2025-08-20T20:21:44: 127.0.0.1 - - [20/Aug/2025 20:21:44] code 404, message File not found
2025-08-20T20:21:44: 127.0.0.1 - - [20/Aug/2025 20:21:44] "GET /favicon.ico HTTP/1.1" 404 -
2025-08-20T20:22:31: 127.0.0.1 - - [20/Aug/2025 20:22:31] "GET /index_json.html HTTP/1.1" 200 -
2025-08-20T20:22:31: 127.0.0.1 - - [20/Aug/2025 20:22:31] "GET /style.css HTTP/1.1" 304 -
2025-08-20T20:22:31: 127.0.0.1 - - [20/Aug/2025 20:22:31] "GET /script.js HTTP/1.1" 304 -
2025-08-20T20:25:19: 127.0.0.1 - - [20/Aug/2025 20:25:19] "GET /style.css HTTP/1.1" 304 -
2025-08-20T20:25:19: 127.0.0.1 - - [20/Aug/2025 20:25:19] "GET /script.js HTTP/1.1" 304 -
2025-08-20T20:25:31: 
2025-08-20T20:25:31: 🛑 Server đã dừng
2025-08-20T20:25:32: ❌ Lỗi: [Errno 98] Address already in use
2025-08-20T20:25:32: ❌ Lỗi: [Errno 98] Address already in use
2025-08-20T20:25:33: ❌ Lỗi: [Errno 98] Address already in use
2025-08-20T20:25:33: ❌ Lỗi: [Errno 98] Address already in use
2025-08-20T20:25:34: ❌ Lỗi: [Errno 98] Address already in use
2025-08-20T20:25:34: ❌ Lỗi: [Errno 98] Address already in use
2025-08-20T20:25:35: ❌ Lỗi: [Errno 98] Address already in use
2025-08-20T20:25:35: ❌ Lỗi: [Errno 98] Address already in use
2025-08-20T20:25:36: ❌ Lỗi: [Errno 98] Address already in use
2025-08-20T20:25:36: ❌ Lỗi: [Errno 98] Address already in use
2025-08-20T20:25:37: ❌ Lỗi: [Errno 98] Address already in use
2025-08-20T20:25:37: ❌ Lỗi: [Errno 98] Address already in use
2025-08-20T20:25:38: ❌ Lỗi: [Errno 98] Address already in use
2025-08-20T20:25:38: ❌ Lỗi: [Errno 98] Address already in use
2025-08-20T20:25:39: ❌ Lỗi: [Errno 98] Address already in use
2025-08-20T20:25:39: 
2025-08-20T20:25:39: ❌ Lỗi: [Errno 98] Address already in use
2025-08-20T20:26:16: ❌ Lỗi: [Errno 98] Address already in use
2025-08-20T20:26:17: ❌ Lỗi: [Errno 98] Address already in use
2025-08-20T20:26:17: ❌ Lỗi: [Errno 98] Address already in use
2025-08-20T20:26:18: ❌ Lỗi: [Errno 98] Address already in use
2025-08-20T20:26:18: ❌ Lỗi: [Errno 98] Address already in use
2025-08-20T20:26:19: ❌ Lỗi: [Errno 98] Address already in use
2025-08-20T20:26:19: ❌ Lỗi: [Errno 98] Address already in use
2025-08-20T20:26:19: ❌ Lỗi: [Errno 98] Address already in use
2025-08-20T20:26:20: ❌ Lỗi: [Errno 98] Address already in use
2025-08-20T20:26:20: ❌ Lỗi: [Errno 98] Address already in use
2025-08-20T20:26:21: 🚀 Server đang chạy trên http://localhost:8000
2025-08-20T20:26:21: 📁 Thư mục: /home/hikaru/tracnghiem
2025-08-20T20:26:21: ⏹️  Nhấn Ctrl+C để dừng server
2025-08-20T20:26:27: 
2025-08-20T20:26:27: 🛑 Server đã dừng
2025-08-20T20:26:27: 🚀 Server đang chạy trên http://localhost:8000
2025-08-20T20:26:27: 📁 Thư mục: /home/hikaru/tracnghiem
2025-08-20T20:26:27: ⏹️  Nhấn Ctrl+C để dừng server
2025-08-20T20:26:30: 127.0.0.1 - - [20/Aug/2025 20:26:30] "GET / HTTP/1.1" 200 -
2025-08-20T20:26:31: 127.0.0.1 - - [20/Aug/2025 20:26:31] "GET /style.css HTTP/1.1" 304 -
2025-08-20T20:26:31: 127.0.0.1 - - [20/Aug/2025 20:26:31] "GET /script.js HTTP/1.1" 304 -
