/home/hikaru/.pyenv/shims/python3:3
[ -n "$PYENV_DEBUG" ] && set -x
     ^^^^^^^^^^^^^^

SyntaxError: Unexpected string
    at wrapSafe (internal/modules/cjs/loader.js:1029:16)
    at Module._compile (internal/modules/cjs/loader.js:1078:27)
    at Object.Module._extensions..js (internal/modules/cjs/loader.js:1143:10)
    at Module.load (internal/modules/cjs/loader.js:979:32)
    at Function.Module._load (internal/modules/cjs/loader.js:819:12)
    at /home/hikaru/.nvm/versions/node/v14.21.3/lib/node_modules/pm2/lib/ProcessContainer.js:304:25
    at wrapper (/home/hikaru/.nvm/versions/node/v14.21.3/lib/node_modules/pm2/node_modules/async/internal/once.js:12:16)
    at next (/home/hikaru/.nvm/versions/node/v14.21.3/lib/node_modules/pm2/node_modules/async/waterfall.js:96:20)
    at /home/hikaru/.nvm/versions/node/v14.21.3/lib/node_modules/pm2/node_modules/async/internal/onlyOnce.js:12:16
    at WriteStream.<anonymous> (/home/hikaru/.nvm/versions/node/v14.21.3/lib/node_modules/pm2/lib/Utility.js:186:13)
/home/hikaru/.pyenv/shims/python3:3
[ -n "$PYENV_DEBUG" ] && set -x
     ^^^^^^^^^^^^^^

SyntaxError: Unexpected string
    at wrapSafe (internal/modules/cjs/loader.js:1029:16)
    at Module._compile (internal/modules/cjs/loader.js:1078:27)
    at Object.Module._extensions..js (internal/modules/cjs/loader.js:1143:10)
    at Module.load (internal/modules/cjs/loader.js:979:32)
    at Function.Module._load (internal/modules/cjs/loader.js:819:12)
    at /home/hikaru/.nvm/versions/node/v14.21.3/lib/node_modules/pm2/lib/ProcessContainer.js:304:25
    at wrapper (/home/hikaru/.nvm/versions/node/v14.21.3/lib/node_modules/pm2/node_modules/async/internal/once.js:12:16)
    at next (/home/hikaru/.nvm/versions/node/v14.21.3/lib/node_modules/pm2/node_modules/async/waterfall.js:96:20)
    at /home/hikaru/.nvm/versions/node/v14.21.3/lib/node_modules/pm2/node_modules/async/internal/onlyOnce.js:12:16
    at WriteStream.<anonymous> (/home/hikaru/.nvm/versions/node/v14.21.3/lib/node_modules/pm2/lib/Utility.js:186:13)
/home/hikaru/.pyenv/shims/python3:3
[ -n "$PYENV_DEBUG" ] && set -x
     ^^^^^^^^^^^^^^

SyntaxError: Unexpected string
    at wrapSafe (internal/modules/cjs/loader.js:1029:16)
    at Module._compile (internal/modules/cjs/loader.js:1078:27)
    at Object.Module._extensions..js (internal/modules/cjs/loader.js:1143:10)
    at Module.load (internal/modules/cjs/loader.js:979:32)
    at Function.Module._load (internal/modules/cjs/loader.js:819:12)
    at /home/hikaru/.nvm/versions/node/v14.21.3/lib/node_modules/pm2/lib/ProcessContainer.js:304:25
    at wrapper (/home/hikaru/.nvm/versions/node/v14.21.3/lib/node_modules/pm2/node_modules/async/internal/once.js:12:16)
    at next (/home/hikaru/.nvm/versions/node/v14.21.3/lib/node_modules/pm2/node_modules/async/waterfall.js:96:20)
    at /home/hikaru/.nvm/versions/node/v14.21.3/lib/node_modules/pm2/node_modules/async/internal/onlyOnce.js:12:16
    at WriteStream.<anonymous> (/home/hikaru/.nvm/versions/node/v14.21.3/lib/node_modules/pm2/lib/Utility.js:186:13)
/home/hikaru/.pyenv/shims/python3:3
[ -n "$PYENV_DEBUG" ] && set -x
     ^^^^^^^^^^^^^^

SyntaxError: Unexpected string
    at wrapSafe (internal/modules/cjs/loader.js:1029:16)
    at Module._compile (internal/modules/cjs/loader.js:1078:27)
    at Object.Module._extensions..js (internal/modules/cjs/loader.js:1143:10)
    at Module.load (internal/modules/cjs/loader.js:979:32)
    at Function.Module._load (internal/modules/cjs/loader.js:819:12)
    at /home/hikaru/.nvm/versions/node/v14.21.3/lib/node_modules/pm2/lib/ProcessContainer.js:304:25
    at wrapper (/home/hikaru/.nvm/versions/node/v14.21.3/lib/node_modules/pm2/node_modules/async/internal/once.js:12:16)
    at next (/home/hikaru/.nvm/versions/node/v14.21.3/lib/node_modules/pm2/node_modules/async/waterfall.js:96:20)
    at /home/hikaru/.nvm/versions/node/v14.21.3/lib/node_modules/pm2/node_modules/async/internal/onlyOnce.js:12:16
    at WriteStream.<anonymous> (/home/hikaru/.nvm/versions/node/v14.21.3/lib/node_modules/pm2/lib/Utility.js:186:13)
/home/hikaru/.pyenv/shims/python3:3
[ -n "$PYENV_DEBUG" ] && set -x
     ^^^^^^^^^^^^^^

SyntaxError: Unexpected string
    at wrapSafe (internal/modules/cjs/loader.js:1029:16)
    at Module._compile (internal/modules/cjs/loader.js:1078:27)
    at Object.Module._extensions..js (internal/modules/cjs/loader.js:1143:10)
    at Module.load (internal/modules/cjs/loader.js:979:32)
    at Function.Module._load (internal/modules/cjs/loader.js:819:12)
    at /home/hikaru/.nvm/versions/node/v14.21.3/lib/node_modules/pm2/lib/ProcessContainer.js:304:25
    at wrapper (/home/hikaru/.nvm/versions/node/v14.21.3/lib/node_modules/pm2/node_modules/async/internal/once.js:12:16)
    at next (/home/hikaru/.nvm/versions/node/v14.21.3/lib/node_modules/pm2/node_modules/async/waterfall.js:96:20)
    at /home/hikaru/.nvm/versions/node/v14.21.3/lib/node_modules/pm2/node_modules/async/internal/onlyOnce.js:12:16
    at WriteStream.<anonymous> (/home/hikaru/.nvm/versions/node/v14.21.3/lib/node_modules/pm2/lib/Utility.js:186:13)
/home/hikaru/.pyenv/shims/python3:3
[ -n "$PYENV_DEBUG" ] && set -x
     ^^^^^^^^^^^^^^

SyntaxError: Unexpected string
    at wrapSafe (internal/modules/cjs/loader.js:1029:16)
    at Module._compile (internal/modules/cjs/loader.js:1078:27)
    at Object.Module._extensions..js (internal/modules/cjs/loader.js:1143:10)
    at Module.load (internal/modules/cjs/loader.js:979:32)
    at Function.Module._load (internal/modules/cjs/loader.js:819:12)
    at /home/hikaru/.nvm/versions/node/v14.21.3/lib/node_modules/pm2/lib/ProcessContainer.js:304:25
    at wrapper (/home/hikaru/.nvm/versions/node/v14.21.3/lib/node_modules/pm2/node_modules/async/internal/once.js:12:16)
    at next (/home/hikaru/.nvm/versions/node/v14.21.3/lib/node_modules/pm2/node_modules/async/waterfall.js:96:20)
    at /home/hikaru/.nvm/versions/node/v14.21.3/lib/node_modules/pm2/node_modules/async/internal/onlyOnce.js:12:16
    at WriteStream.<anonymous> (/home/hikaru/.nvm/versions/node/v14.21.3/lib/node_modules/pm2/lib/Utility.js:186:13)
/home/hikaru/.pyenv/shims/python3:3
[ -n "$PYENV_DEBUG" ] && set -x
     ^^^^^^^^^^^^^^

SyntaxError: Unexpected string
    at wrapSafe (internal/modules/cjs/loader.js:1029:16)
    at Module._compile (internal/modules/cjs/loader.js:1078:27)
    at Object.Module._extensions..js (internal/modules/cjs/loader.js:1143:10)
    at Module.load (internal/modules/cjs/loader.js:979:32)
    at Function.Module._load (internal/modules/cjs/loader.js:819:12)
    at /home/hikaru/.nvm/versions/node/v14.21.3/lib/node_modules/pm2/lib/ProcessContainer.js:304:25
    at wrapper (/home/hikaru/.nvm/versions/node/v14.21.3/lib/node_modules/pm2/node_modules/async/internal/once.js:12:16)
    at next (/home/hikaru/.nvm/versions/node/v14.21.3/lib/node_modules/pm2/node_modules/async/waterfall.js:96:20)
    at /home/hikaru/.nvm/versions/node/v14.21.3/lib/node_modules/pm2/node_modules/async/internal/onlyOnce.js:12:16
    at WriteStream.<anonymous> (/home/hikaru/.nvm/versions/node/v14.21.3/lib/node_modules/pm2/lib/Utility.js:186:13)
/home/hikaru/.pyenv/shims/python3:3
[ -n "$PYENV_DEBUG" ] && set -x
     ^^^^^^^^^^^^^^

SyntaxError: Unexpected string
    at wrapSafe (internal/modules/cjs/loader.js:1029:16)
    at Module._compile (internal/modules/cjs/loader.js:1078:27)
    at Object.Module._extensions..js (internal/modules/cjs/loader.js:1143:10)
    at Module.load (internal/modules/cjs/loader.js:979:32)
    at Function.Module._load (internal/modules/cjs/loader.js:819:12)
    at /home/hikaru/.nvm/versions/node/v14.21.3/lib/node_modules/pm2/lib/ProcessContainer.js:304:25
    at wrapper (/home/hikaru/.nvm/versions/node/v14.21.3/lib/node_modules/pm2/node_modules/async/internal/once.js:12:16)
    at next (/home/hikaru/.nvm/versions/node/v14.21.3/lib/node_modules/pm2/node_modules/async/waterfall.js:96:20)
    at /home/hikaru/.nvm/versions/node/v14.21.3/lib/node_modules/pm2/node_modules/async/internal/onlyOnce.js:12:16
    at WriteStream.<anonymous> (/home/hikaru/.nvm/versions/node/v14.21.3/lib/node_modules/pm2/lib/Utility.js:186:13)
/home/hikaru/.pyenv/shims/python3:3
[ -n "$PYENV_DEBUG" ] && set -x
     ^^^^^^^^^^^^^^

SyntaxError: Unexpected string
    at wrapSafe (internal/modules/cjs/loader.js:1029:16)
    at Module._compile (internal/modules/cjs/loader.js:1078:27)
    at Object.Module._extensions..js (internal/modules/cjs/loader.js:1143:10)
    at Module.load (internal/modules/cjs/loader.js:979:32)
    at Function.Module._load (internal/modules/cjs/loader.js:819:12)
    at /home/hikaru/.nvm/versions/node/v14.21.3/lib/node_modules/pm2/lib/ProcessContainer.js:304:25
    at wrapper (/home/hikaru/.nvm/versions/node/v14.21.3/lib/node_modules/pm2/node_modules/async/internal/once.js:12:16)
    at next (/home/hikaru/.nvm/versions/node/v14.21.3/lib/node_modules/pm2/node_modules/async/waterfall.js:96:20)
    at /home/hikaru/.nvm/versions/node/v14.21.3/lib/node_modules/pm2/node_modules/async/internal/onlyOnce.js:12:16
    at WriteStream.<anonymous> (/home/hikaru/.nvm/versions/node/v14.21.3/lib/node_modules/pm2/lib/Utility.js:186:13)
/home/hikaru/.pyenv/shims/python3:3
[ -n "$PYENV_DEBUG" ] && set -x
     ^^^^^^^^^^^^^^

SyntaxError: Unexpected string
    at wrapSafe (internal/modules/cjs/loader.js:1029:16)
    at Module._compile (internal/modules/cjs/loader.js:1078:27)
    at Object.Module._extensions..js (internal/modules/cjs/loader.js:1143:10)
    at Module.load (internal/modules/cjs/loader.js:979:32)
    at Function.Module._load (internal/modules/cjs/loader.js:819:12)
    at /home/hikaru/.nvm/versions/node/v14.21.3/lib/node_modules/pm2/lib/ProcessContainer.js:304:25
    at wrapper (/home/hikaru/.nvm/versions/node/v14.21.3/lib/node_modules/pm2/node_modules/async/internal/once.js:12:16)
    at next (/home/hikaru/.nvm/versions/node/v14.21.3/lib/node_modules/pm2/node_modules/async/waterfall.js:96:20)
    at /home/hikaru/.nvm/versions/node/v14.21.3/lib/node_modules/pm2/node_modules/async/internal/onlyOnce.js:12:16
    at WriteStream.<anonymous> (/home/hikaru/.nvm/versions/node/v14.21.3/lib/node_modules/pm2/lib/Utility.js:186:13)
/home/hikaru/.pyenv/shims/python3:3
[ -n "$PYENV_DEBUG" ] && set -x
     ^^^^^^^^^^^^^^

SyntaxError: Unexpected string
    at wrapSafe (internal/modules/cjs/loader.js:1029:16)
    at Module._compile (internal/modules/cjs/loader.js:1078:27)
    at Object.Module._extensions..js (internal/modules/cjs/loader.js:1143:10)
    at Module.load (internal/modules/cjs/loader.js:979:32)
    at Function.Module._load (internal/modules/cjs/loader.js:819:12)
    at /home/hikaru/.nvm/versions/node/v14.21.3/lib/node_modules/pm2/lib/ProcessContainer.js:304:25
    at wrapper (/home/hikaru/.nvm/versions/node/v14.21.3/lib/node_modules/pm2/node_modules/async/internal/once.js:12:16)
    at next (/home/hikaru/.nvm/versions/node/v14.21.3/lib/node_modules/pm2/node_modules/async/waterfall.js:96:20)
    at /home/hikaru/.nvm/versions/node/v14.21.3/lib/node_modules/pm2/node_modules/async/internal/onlyOnce.js:12:16
    at WriteStream.<anonymous> (/home/hikaru/.nvm/versions/node/v14.21.3/lib/node_modules/pm2/lib/Utility.js:186:13)
/home/hikaru/.pyenv/shims/python3:3
[ -n "$PYENV_DEBUG" ] && set -x
     ^^^^^^^^^^^^^^

SyntaxError: Unexpected string
    at wrapSafe (internal/modules/cjs/loader.js:1029:16)
    at Module._compile (internal/modules/cjs/loader.js:1078:27)
    at Object.Module._extensions..js (internal/modules/cjs/loader.js:1143:10)
    at Module.load (internal/modules/cjs/loader.js:979:32)
    at Function.Module._load (internal/modules/cjs/loader.js:819:12)
    at /home/hikaru/.nvm/versions/node/v14.21.3/lib/node_modules/pm2/lib/ProcessContainer.js:304:25
    at wrapper (/home/hikaru/.nvm/versions/node/v14.21.3/lib/node_modules/pm2/node_modules/async/internal/once.js:12:16)
    at next (/home/hikaru/.nvm/versions/node/v14.21.3/lib/node_modules/pm2/node_modules/async/waterfall.js:96:20)
    at /home/hikaru/.nvm/versions/node/v14.21.3/lib/node_modules/pm2/node_modules/async/internal/onlyOnce.js:12:16
    at WriteStream.<anonymous> (/home/hikaru/.nvm/versions/node/v14.21.3/lib/node_modules/pm2/lib/Utility.js:186:13)
/home/hikaru/.pyenv/shims/python3:3
[ -n "$PYENV_DEBUG" ] && set -x
     ^^^^^^^^^^^^^^

SyntaxError: Unexpected string
    at wrapSafe (internal/modules/cjs/loader.js:1029:16)
    at Module._compile (internal/modules/cjs/loader.js:1078:27)
    at Object.Module._extensions..js (internal/modules/cjs/loader.js:1143:10)
    at Module.load (internal/modules/cjs/loader.js:979:32)
    at Function.Module._load (internal/modules/cjs/loader.js:819:12)
    at /home/hikaru/.nvm/versions/node/v14.21.3/lib/node_modules/pm2/lib/ProcessContainer.js:304:25
    at wrapper (/home/hikaru/.nvm/versions/node/v14.21.3/lib/node_modules/pm2/node_modules/async/internal/once.js:12:16)
    at next (/home/hikaru/.nvm/versions/node/v14.21.3/lib/node_modules/pm2/node_modules/async/waterfall.js:96:20)
    at /home/hikaru/.nvm/versions/node/v14.21.3/lib/node_modules/pm2/node_modules/async/internal/onlyOnce.js:12:16
    at WriteStream.<anonymous> (/home/hikaru/.nvm/versions/node/v14.21.3/lib/node_modules/pm2/lib/Utility.js:186:13)
/home/hikaru/.pyenv/shims/python3:3
[ -n "$PYENV_DEBUG" ] && set -x
     ^^^^^^^^^^^^^^

SyntaxError: Unexpected string
    at wrapSafe (internal/modules/cjs/loader.js:1029:16)
    at Module._compile (internal/modules/cjs/loader.js:1078:27)
    at Object.Module._extensions..js (internal/modules/cjs/loader.js:1143:10)
    at Module.load (internal/modules/cjs/loader.js:979:32)
    at Function.Module._load (internal/modules/cjs/loader.js:819:12)
    at /home/hikaru/.nvm/versions/node/v14.21.3/lib/node_modules/pm2/lib/ProcessContainer.js:304:25
    at wrapper (/home/hikaru/.nvm/versions/node/v14.21.3/lib/node_modules/pm2/node_modules/async/internal/once.js:12:16)
    at next (/home/hikaru/.nvm/versions/node/v14.21.3/lib/node_modules/pm2/node_modules/async/waterfall.js:96:20)
    at /home/hikaru/.nvm/versions/node/v14.21.3/lib/node_modules/pm2/node_modules/async/internal/onlyOnce.js:12:16
    at WriteStream.<anonymous> (/home/hikaru/.nvm/versions/node/v14.21.3/lib/node_modules/pm2/lib/Utility.js:186:13)
/home/hikaru/.pyenv/shims/python3:3
[ -n "$PYENV_DEBUG" ] && set -x
     ^^^^^^^^^^^^^^

SyntaxError: Unexpected string
    at wrapSafe (internal/modules/cjs/loader.js:1029:16)
    at Module._compile (internal/modules/cjs/loader.js:1078:27)
    at Object.Module._extensions..js (internal/modules/cjs/loader.js:1143:10)
    at Module.load (internal/modules/cjs/loader.js:979:32)
    at Function.Module._load (internal/modules/cjs/loader.js:819:12)
    at /home/hikaru/.nvm/versions/node/v14.21.3/lib/node_modules/pm2/lib/ProcessContainer.js:304:25
    at wrapper (/home/hikaru/.nvm/versions/node/v14.21.3/lib/node_modules/pm2/node_modules/async/internal/once.js:12:16)
    at next (/home/hikaru/.nvm/versions/node/v14.21.3/lib/node_modules/pm2/node_modules/async/waterfall.js:96:20)
    at /home/hikaru/.nvm/versions/node/v14.21.3/lib/node_modules/pm2/node_modules/async/internal/onlyOnce.js:12:16
    at WriteStream.<anonymous> (/home/hikaru/.nvm/versions/node/v14.21.3/lib/node_modules/pm2/lib/Utility.js:186:13)
/home/hikaru/.pyenv/shims/python3:3
[ -n "$PYENV_DEBUG" ] && set -x
     ^^^^^^^^^^^^^^

SyntaxError: Unexpected string
    at wrapSafe (internal/modules/cjs/loader.js:1029:16)
    at Module._compile (internal/modules/cjs/loader.js:1078:27)
    at Object.Module._extensions..js (internal/modules/cjs/loader.js:1143:10)
    at Module.load (internal/modules/cjs/loader.js:979:32)
    at Function.Module._load (internal/modules/cjs/loader.js:819:12)
    at /home/hikaru/.nvm/versions/node/v14.21.3/lib/node_modules/pm2/lib/ProcessContainer.js:304:25
    at wrapper (/home/hikaru/.nvm/versions/node/v14.21.3/lib/node_modules/pm2/node_modules/async/internal/once.js:12:16)
    at next (/home/hikaru/.nvm/versions/node/v14.21.3/lib/node_modules/pm2/node_modules/async/waterfall.js:96:20)
    at /home/hikaru/.nvm/versions/node/v14.21.3/lib/node_modules/pm2/node_modules/async/internal/onlyOnce.js:12:16
    at WriteStream.<anonymous> (/home/hikaru/.nvm/versions/node/v14.21.3/lib/node_modules/pm2/lib/Utility.js:186:13)
2025-08-20T14:07:18: 127.0.0.1 - - [20/Aug/2025 14:07:18] "GET / HTTP/1.1" 200 -
2025-08-20T14:08:36: 127.0.0.1 - - [20/Aug/2025 14:08:36] "GET / HTTP/1.1" 200 -
2025-08-20T14:08:36: 127.0.0.1 - - [20/Aug/2025 14:08:36] "GET /style.css HTTP/1.1" 200 -
2025-08-20T14:08:36: 127.0.0.1 - - [20/Aug/2025 14:08:36] "GET /script.js HTTP/1.1" 200 -
2025-08-20T14:08:38: 127.0.0.1 - - [20/Aug/2025 14:08:38] "GET /questions.json HTTP/1.1" 200 -
2025-08-20T14:08:39: 127.0.0.1 - - [20/Aug/2025 14:08:39] code 404, message File not found
2025-08-20T14:08:39: 127.0.0.1 - - [20/Aug/2025 14:08:39] "GET /favicon.ico HTTP/1.1" 404 -
2025-08-20T14:13:04: 127.0.0.1 - - [20/Aug/2025 14:13:04] "GET /demo_result.html HTTP/1.1" 200 -
