/home/hikaru/.pyenv/shims/python3:3
[ -n "$PYENV_DEBUG" ] && set -x
     ^^^^^^^^^^^^^^

SyntaxError: Unexpected string
    at wrapSafe (internal/modules/cjs/loader.js:1029:16)
    at Module._compile (internal/modules/cjs/loader.js:1078:27)
    at Object.Module._extensions..js (internal/modules/cjs/loader.js:1143:10)
    at Module.load (internal/modules/cjs/loader.js:979:32)
    at Function.Module._load (internal/modules/cjs/loader.js:819:12)
    at /home/hikaru/.nvm/versions/node/v14.21.3/lib/node_modules/pm2/lib/ProcessContainer.js:304:25
    at wrapper (/home/hikaru/.nvm/versions/node/v14.21.3/lib/node_modules/pm2/node_modules/async/internal/once.js:12:16)
    at next (/home/hikaru/.nvm/versions/node/v14.21.3/lib/node_modules/pm2/node_modules/async/waterfall.js:96:20)
    at /home/hikaru/.nvm/versions/node/v14.21.3/lib/node_modules/pm2/node_modules/async/internal/onlyOnce.js:12:16
    at WriteStream.<anonymous> (/home/hikaru/.nvm/versions/node/v14.21.3/lib/node_modules/pm2/lib/Utility.js:186:13)
/home/hikaru/.pyenv/shims/python3:3
[ -n "$PYENV_DEBUG" ] && set -x
     ^^^^^^^^^^^^^^

SyntaxError: Unexpected string
    at wrapSafe (internal/modules/cjs/loader.js:1029:16)
    at Module._compile (internal/modules/cjs/loader.js:1078:27)
    at Object.Module._extensions..js (internal/modules/cjs/loader.js:1143:10)
    at Module.load (internal/modules/cjs/loader.js:979:32)
    at Function.Module._load (internal/modules/cjs/loader.js:819:12)
    at /home/hikaru/.nvm/versions/node/v14.21.3/lib/node_modules/pm2/lib/ProcessContainer.js:304:25
    at wrapper (/home/hikaru/.nvm/versions/node/v14.21.3/lib/node_modules/pm2/node_modules/async/internal/once.js:12:16)
    at next (/home/hikaru/.nvm/versions/node/v14.21.3/lib/node_modules/pm2/node_modules/async/waterfall.js:96:20)
    at /home/hikaru/.nvm/versions/node/v14.21.3/lib/node_modules/pm2/node_modules/async/internal/onlyOnce.js:12:16
    at WriteStream.<anonymous> (/home/hikaru/.nvm/versions/node/v14.21.3/lib/node_modules/pm2/lib/Utility.js:186:13)
/home/hikaru/.pyenv/shims/python3:3
[ -n "$PYENV_DEBUG" ] && set -x
     ^^^^^^^^^^^^^^

SyntaxError: Unexpected string
    at wrapSafe (internal/modules/cjs/loader.js:1029:16)
    at Module._compile (internal/modules/cjs/loader.js:1078:27)
    at Object.Module._extensions..js (internal/modules/cjs/loader.js:1143:10)
    at Module.load (internal/modules/cjs/loader.js:979:32)
    at Function.Module._load (internal/modules/cjs/loader.js:819:12)
    at /home/hikaru/.nvm/versions/node/v14.21.3/lib/node_modules/pm2/lib/ProcessContainer.js:304:25
    at wrapper (/home/hikaru/.nvm/versions/node/v14.21.3/lib/node_modules/pm2/node_modules/async/internal/once.js:12:16)
    at next (/home/hikaru/.nvm/versions/node/v14.21.3/lib/node_modules/pm2/node_modules/async/waterfall.js:96:20)
    at /home/hikaru/.nvm/versions/node/v14.21.3/lib/node_modules/pm2/node_modules/async/internal/onlyOnce.js:12:16
    at WriteStream.<anonymous> (/home/hikaru/.nvm/versions/node/v14.21.3/lib/node_modules/pm2/lib/Utility.js:186:13)
/home/hikaru/.pyenv/shims/python3:3
[ -n "$PYENV_DEBUG" ] && set -x
     ^^^^^^^^^^^^^^

SyntaxError: Unexpected string
    at wrapSafe (internal/modules/cjs/loader.js:1029:16)
    at Module._compile (internal/modules/cjs/loader.js:1078:27)
    at Object.Module._extensions..js (internal/modules/cjs/loader.js:1143:10)
    at Module.load (internal/modules/cjs/loader.js:979:32)
    at Function.Module._load (internal/modules/cjs/loader.js:819:12)
    at /home/hikaru/.nvm/versions/node/v14.21.3/lib/node_modules/pm2/lib/ProcessContainer.js:304:25
    at wrapper (/home/hikaru/.nvm/versions/node/v14.21.3/lib/node_modules/pm2/node_modules/async/internal/once.js:12:16)
    at next (/home/hikaru/.nvm/versions/node/v14.21.3/lib/node_modules/pm2/node_modules/async/waterfall.js:96:20)
    at /home/hikaru/.nvm/versions/node/v14.21.3/lib/node_modules/pm2/node_modules/async/internal/onlyOnce.js:12:16
    at WriteStream.<anonymous> (/home/hikaru/.nvm/versions/node/v14.21.3/lib/node_modules/pm2/lib/Utility.js:186:13)
/home/hikaru/.pyenv/shims/python3:3
[ -n "$PYENV_DEBUG" ] && set -x
     ^^^^^^^^^^^^^^

SyntaxError: Unexpected string
    at wrapSafe (internal/modules/cjs/loader.js:1029:16)
    at Module._compile (internal/modules/cjs/loader.js:1078:27)
    at Object.Module._extensions..js (internal/modules/cjs/loader.js:1143:10)
    at Module.load (internal/modules/cjs/loader.js:979:32)
    at Function.Module._load (internal/modules/cjs/loader.js:819:12)
    at /home/hikaru/.nvm/versions/node/v14.21.3/lib/node_modules/pm2/lib/ProcessContainer.js:304:25
    at wrapper (/home/hikaru/.nvm/versions/node/v14.21.3/lib/node_modules/pm2/node_modules/async/internal/once.js:12:16)
    at next (/home/hikaru/.nvm/versions/node/v14.21.3/lib/node_modules/pm2/node_modules/async/waterfall.js:96:20)
    at /home/hikaru/.nvm/versions/node/v14.21.3/lib/node_modules/pm2/node_modules/async/internal/onlyOnce.js:12:16
    at WriteStream.<anonymous> (/home/hikaru/.nvm/versions/node/v14.21.3/lib/node_modules/pm2/lib/Utility.js:186:13)
/home/hikaru/.pyenv/shims/python3:3
[ -n "$PYENV_DEBUG" ] && set -x
     ^^^^^^^^^^^^^^

SyntaxError: Unexpected string
    at wrapSafe (internal/modules/cjs/loader.js:1029:16)
    at Module._compile (internal/modules/cjs/loader.js:1078:27)
    at Object.Module._extensions..js (internal/modules/cjs/loader.js:1143:10)
    at Module.load (internal/modules/cjs/loader.js:979:32)
    at Function.Module._load (internal/modules/cjs/loader.js:819:12)
    at /home/hikaru/.nvm/versions/node/v14.21.3/lib/node_modules/pm2/lib/ProcessContainer.js:304:25
    at wrapper (/home/hikaru/.nvm/versions/node/v14.21.3/lib/node_modules/pm2/node_modules/async/internal/once.js:12:16)
    at next (/home/hikaru/.nvm/versions/node/v14.21.3/lib/node_modules/pm2/node_modules/async/waterfall.js:96:20)
    at /home/hikaru/.nvm/versions/node/v14.21.3/lib/node_modules/pm2/node_modules/async/internal/onlyOnce.js:12:16
    at WriteStream.<anonymous> (/home/hikaru/.nvm/versions/node/v14.21.3/lib/node_modules/pm2/lib/Utility.js:186:13)
/home/hikaru/.pyenv/shims/python3:3
[ -n "$PYENV_DEBUG" ] && set -x
     ^^^^^^^^^^^^^^

SyntaxError: Unexpected string
    at wrapSafe (internal/modules/cjs/loader.js:1029:16)
    at Module._compile (internal/modules/cjs/loader.js:1078:27)
    at Object.Module._extensions..js (internal/modules/cjs/loader.js:1143:10)
    at Module.load (internal/modules/cjs/loader.js:979:32)
    at Function.Module._load (internal/modules/cjs/loader.js:819:12)
    at /home/hikaru/.nvm/versions/node/v14.21.3/lib/node_modules/pm2/lib/ProcessContainer.js:304:25
    at wrapper (/home/hikaru/.nvm/versions/node/v14.21.3/lib/node_modules/pm2/node_modules/async/internal/once.js:12:16)
    at next (/home/hikaru/.nvm/versions/node/v14.21.3/lib/node_modules/pm2/node_modules/async/waterfall.js:96:20)
    at /home/hikaru/.nvm/versions/node/v14.21.3/lib/node_modules/pm2/node_modules/async/internal/onlyOnce.js:12:16
    at WriteStream.<anonymous> (/home/hikaru/.nvm/versions/node/v14.21.3/lib/node_modules/pm2/lib/Utility.js:186:13)
/home/hikaru/.pyenv/shims/python3:3
[ -n "$PYENV_DEBUG" ] && set -x
     ^^^^^^^^^^^^^^

SyntaxError: Unexpected string
    at wrapSafe (internal/modules/cjs/loader.js:1029:16)
    at Module._compile (internal/modules/cjs/loader.js:1078:27)
    at Object.Module._extensions..js (internal/modules/cjs/loader.js:1143:10)
    at Module.load (internal/modules/cjs/loader.js:979:32)
    at Function.Module._load (internal/modules/cjs/loader.js:819:12)
    at /home/hikaru/.nvm/versions/node/v14.21.3/lib/node_modules/pm2/lib/ProcessContainer.js:304:25
    at wrapper (/home/hikaru/.nvm/versions/node/v14.21.3/lib/node_modules/pm2/node_modules/async/internal/once.js:12:16)
    at next (/home/hikaru/.nvm/versions/node/v14.21.3/lib/node_modules/pm2/node_modules/async/waterfall.js:96:20)
    at /home/hikaru/.nvm/versions/node/v14.21.3/lib/node_modules/pm2/node_modules/async/internal/onlyOnce.js:12:16
    at WriteStream.<anonymous> (/home/hikaru/.nvm/versions/node/v14.21.3/lib/node_modules/pm2/lib/Utility.js:186:13)
/home/hikaru/.pyenv/shims/python3:3
[ -n "$PYENV_DEBUG" ] && set -x
     ^^^^^^^^^^^^^^

SyntaxError: Unexpected string
    at wrapSafe (internal/modules/cjs/loader.js:1029:16)
    at Module._compile (internal/modules/cjs/loader.js:1078:27)
    at Object.Module._extensions..js (internal/modules/cjs/loader.js:1143:10)
    at Module.load (internal/modules/cjs/loader.js:979:32)
    at Function.Module._load (internal/modules/cjs/loader.js:819:12)
    at /home/hikaru/.nvm/versions/node/v14.21.3/lib/node_modules/pm2/lib/ProcessContainer.js:304:25
    at wrapper (/home/hikaru/.nvm/versions/node/v14.21.3/lib/node_modules/pm2/node_modules/async/internal/once.js:12:16)
    at next (/home/hikaru/.nvm/versions/node/v14.21.3/lib/node_modules/pm2/node_modules/async/waterfall.js:96:20)
    at /home/hikaru/.nvm/versions/node/v14.21.3/lib/node_modules/pm2/node_modules/async/internal/onlyOnce.js:12:16
    at WriteStream.<anonymous> (/home/hikaru/.nvm/versions/node/v14.21.3/lib/node_modules/pm2/lib/Utility.js:186:13)
/home/hikaru/.pyenv/shims/python3:3
[ -n "$PYENV_DEBUG" ] && set -x
     ^^^^^^^^^^^^^^

SyntaxError: Unexpected string
    at wrapSafe (internal/modules/cjs/loader.js:1029:16)
    at Module._compile (internal/modules/cjs/loader.js:1078:27)
    at Object.Module._extensions..js (internal/modules/cjs/loader.js:1143:10)
    at Module.load (internal/modules/cjs/loader.js:979:32)
    at Function.Module._load (internal/modules/cjs/loader.js:819:12)
    at /home/hikaru/.nvm/versions/node/v14.21.3/lib/node_modules/pm2/lib/ProcessContainer.js:304:25
    at wrapper (/home/hikaru/.nvm/versions/node/v14.21.3/lib/node_modules/pm2/node_modules/async/internal/once.js:12:16)
    at next (/home/hikaru/.nvm/versions/node/v14.21.3/lib/node_modules/pm2/node_modules/async/waterfall.js:96:20)
    at /home/hikaru/.nvm/versions/node/v14.21.3/lib/node_modules/pm2/node_modules/async/internal/onlyOnce.js:12:16
    at WriteStream.<anonymous> (/home/hikaru/.nvm/versions/node/v14.21.3/lib/node_modules/pm2/lib/Utility.js:186:13)
/home/hikaru/.pyenv/shims/python3:3
[ -n "$PYENV_DEBUG" ] && set -x
     ^^^^^^^^^^^^^^

SyntaxError: Unexpected string
    at wrapSafe (internal/modules/cjs/loader.js:1029:16)
    at Module._compile (internal/modules/cjs/loader.js:1078:27)
    at Object.Module._extensions..js (internal/modules/cjs/loader.js:1143:10)
    at Module.load (internal/modules/cjs/loader.js:979:32)
    at Function.Module._load (internal/modules/cjs/loader.js:819:12)
    at /home/hikaru/.nvm/versions/node/v14.21.3/lib/node_modules/pm2/lib/ProcessContainer.js:304:25
    at wrapper (/home/hikaru/.nvm/versions/node/v14.21.3/lib/node_modules/pm2/node_modules/async/internal/once.js:12:16)
    at next (/home/hikaru/.nvm/versions/node/v14.21.3/lib/node_modules/pm2/node_modules/async/waterfall.js:96:20)
    at /home/hikaru/.nvm/versions/node/v14.21.3/lib/node_modules/pm2/node_modules/async/internal/onlyOnce.js:12:16
    at WriteStream.<anonymous> (/home/hikaru/.nvm/versions/node/v14.21.3/lib/node_modules/pm2/lib/Utility.js:186:13)
/home/hikaru/.pyenv/shims/python3:3
[ -n "$PYENV_DEBUG" ] && set -x
     ^^^^^^^^^^^^^^

SyntaxError: Unexpected string
    at wrapSafe (internal/modules/cjs/loader.js:1029:16)
    at Module._compile (internal/modules/cjs/loader.js:1078:27)
    at Object.Module._extensions..js (internal/modules/cjs/loader.js:1143:10)
    at Module.load (internal/modules/cjs/loader.js:979:32)
    at Function.Module._load (internal/modules/cjs/loader.js:819:12)
    at /home/hikaru/.nvm/versions/node/v14.21.3/lib/node_modules/pm2/lib/ProcessContainer.js:304:25
    at wrapper (/home/hikaru/.nvm/versions/node/v14.21.3/lib/node_modules/pm2/node_modules/async/internal/once.js:12:16)
    at next (/home/hikaru/.nvm/versions/node/v14.21.3/lib/node_modules/pm2/node_modules/async/waterfall.js:96:20)
    at /home/hikaru/.nvm/versions/node/v14.21.3/lib/node_modules/pm2/node_modules/async/internal/onlyOnce.js:12:16
    at WriteStream.<anonymous> (/home/hikaru/.nvm/versions/node/v14.21.3/lib/node_modules/pm2/lib/Utility.js:186:13)
/home/hikaru/.pyenv/shims/python3:3
[ -n "$PYENV_DEBUG" ] && set -x
     ^^^^^^^^^^^^^^

SyntaxError: Unexpected string
    at wrapSafe (internal/modules/cjs/loader.js:1029:16)
    at Module._compile (internal/modules/cjs/loader.js:1078:27)
    at Object.Module._extensions..js (internal/modules/cjs/loader.js:1143:10)
    at Module.load (internal/modules/cjs/loader.js:979:32)
    at Function.Module._load (internal/modules/cjs/loader.js:819:12)
    at /home/hikaru/.nvm/versions/node/v14.21.3/lib/node_modules/pm2/lib/ProcessContainer.js:304:25
    at wrapper (/home/hikaru/.nvm/versions/node/v14.21.3/lib/node_modules/pm2/node_modules/async/internal/once.js:12:16)
    at next (/home/hikaru/.nvm/versions/node/v14.21.3/lib/node_modules/pm2/node_modules/async/waterfall.js:96:20)
    at /home/hikaru/.nvm/versions/node/v14.21.3/lib/node_modules/pm2/node_modules/async/internal/onlyOnce.js:12:16
    at WriteStream.<anonymous> (/home/hikaru/.nvm/versions/node/v14.21.3/lib/node_modules/pm2/lib/Utility.js:186:13)
/home/hikaru/.pyenv/shims/python3:3
[ -n "$PYENV_DEBUG" ] && set -x
     ^^^^^^^^^^^^^^

SyntaxError: Unexpected string
    at wrapSafe (internal/modules/cjs/loader.js:1029:16)
    at Module._compile (internal/modules/cjs/loader.js:1078:27)
    at Object.Module._extensions..js (internal/modules/cjs/loader.js:1143:10)
    at Module.load (internal/modules/cjs/loader.js:979:32)
    at Function.Module._load (internal/modules/cjs/loader.js:819:12)
    at /home/hikaru/.nvm/versions/node/v14.21.3/lib/node_modules/pm2/lib/ProcessContainer.js:304:25
    at wrapper (/home/hikaru/.nvm/versions/node/v14.21.3/lib/node_modules/pm2/node_modules/async/internal/once.js:12:16)
    at next (/home/hikaru/.nvm/versions/node/v14.21.3/lib/node_modules/pm2/node_modules/async/waterfall.js:96:20)
    at /home/hikaru/.nvm/versions/node/v14.21.3/lib/node_modules/pm2/node_modules/async/internal/onlyOnce.js:12:16
    at WriteStream.<anonymous> (/home/hikaru/.nvm/versions/node/v14.21.3/lib/node_modules/pm2/lib/Utility.js:186:13)
/home/hikaru/.pyenv/shims/python3:3
[ -n "$PYENV_DEBUG" ] && set -x
     ^^^^^^^^^^^^^^

SyntaxError: Unexpected string
    at wrapSafe (internal/modules/cjs/loader.js:1029:16)
    at Module._compile (internal/modules/cjs/loader.js:1078:27)
    at Object.Module._extensions..js (internal/modules/cjs/loader.js:1143:10)
    at Module.load (internal/modules/cjs/loader.js:979:32)
    at Function.Module._load (internal/modules/cjs/loader.js:819:12)
    at /home/hikaru/.nvm/versions/node/v14.21.3/lib/node_modules/pm2/lib/ProcessContainer.js:304:25
    at wrapper (/home/hikaru/.nvm/versions/node/v14.21.3/lib/node_modules/pm2/node_modules/async/internal/once.js:12:16)
    at next (/home/hikaru/.nvm/versions/node/v14.21.3/lib/node_modules/pm2/node_modules/async/waterfall.js:96:20)
    at /home/hikaru/.nvm/versions/node/v14.21.3/lib/node_modules/pm2/node_modules/async/internal/onlyOnce.js:12:16
    at WriteStream.<anonymous> (/home/hikaru/.nvm/versions/node/v14.21.3/lib/node_modules/pm2/lib/Utility.js:186:13)
/home/hikaru/.pyenv/shims/python3:3
[ -n "$PYENV_DEBUG" ] && set -x
     ^^^^^^^^^^^^^^

SyntaxError: Unexpected string
    at wrapSafe (internal/modules/cjs/loader.js:1029:16)
    at Module._compile (internal/modules/cjs/loader.js:1078:27)
    at Object.Module._extensions..js (internal/modules/cjs/loader.js:1143:10)
    at Module.load (internal/modules/cjs/loader.js:979:32)
    at Function.Module._load (internal/modules/cjs/loader.js:819:12)
    at /home/hikaru/.nvm/versions/node/v14.21.3/lib/node_modules/pm2/lib/ProcessContainer.js:304:25
    at wrapper (/home/hikaru/.nvm/versions/node/v14.21.3/lib/node_modules/pm2/node_modules/async/internal/once.js:12:16)
    at next (/home/hikaru/.nvm/versions/node/v14.21.3/lib/node_modules/pm2/node_modules/async/waterfall.js:96:20)
    at /home/hikaru/.nvm/versions/node/v14.21.3/lib/node_modules/pm2/node_modules/async/internal/onlyOnce.js:12:16
    at WriteStream.<anonymous> (/home/hikaru/.nvm/versions/node/v14.21.3/lib/node_modules/pm2/lib/Utility.js:186:13)
2025-08-20T14:07:22: 127.0.0.1 - - [20/Aug/2025 14:07:22] "GET /index_json.html HTTP/1.1" 200 -
