2025-08-20T14:05:51: ❌ Lỗi: [Errno 98] Address already in use
2025-08-20T14:05:52: ❌ Lỗi: [Errno 98] Address already in use
2025-08-20T14:05:52: ❌ Lỗi: [Errno 98] Address already in use
2025-08-20T14:05:53: ❌ Lỗi: [Errno 98] Address already in use
2025-08-20T14:05:54: ❌ Lỗi: [Errno 98] Address already in use
2025-08-20T14:05:54: ❌ Lỗi: [Errno 98] Address already in use
2025-08-20T14:05:55: ❌ Lỗi: [Errno 98] Address already in use
2025-08-20T14:05:56: ❌ Lỗi: [Errno 98] Address already in use
2025-08-20T14:05:56: 
2025-08-20T14:05:56: ❌ Lỗi: [Errno 98] Address already in use
2025-08-20T14:05:57: ❌ Lỗi: [Errno 98] Address already in use
2025-08-20T14:05:57: ❌ Lỗi: [Errno 98] Address already in use
2025-08-20T14:05:58: ❌ Lỗi: [Errno 98] Address already in use
2025-08-20T14:05:59: ❌ Lỗi: [Errno 98] Address already in use
2025-08-20T14:05:59: ❌ Lỗi: [Errno 98] Address already in use
2025-08-20T14:06:00: ❌ Lỗi: [Errno 98] Address already in use
2025-08-20T14:06:01: ❌ Lỗi: [Errno 98] Address already in use
2025-08-20T14:07:11: 🚀 Server đang chạy trên http://localhost:8000
2025-08-20T14:07:11: 📁 Thư mục: /home/hikaru/tracnghiem
2025-08-20T14:07:11: ⏹️  Nhấn Ctrl+C để dừng server
2025-08-20T14:08:24: 
2025-08-20T14:08:24: 🛑 Server đã dừng
2025-08-20T14:08:25: 🚀 Server đang chạy trên http://localhost:8000
2025-08-20T14:08:25: 📁 Thư mục: /home/hikaru/tracnghiem
2025-08-20T14:08:25: ⏹️  Nhấn Ctrl+C để dừng server
2025-08-20T14:12:24: 
2025-08-20T14:12:24: 🛑 Server đã dừng
2025-08-20T14:12:25: 🚀 Server đang chạy trên http://localhost:8000
2025-08-20T14:12:25: 📁 Thư mục: /home/hikaru/tracnghiem
2025-08-20T14:12:25: ⏹️  Nhấn Ctrl+C để dừng server
2025-08-20T20:16:19: 
2025-08-20T20:16:19: 🛑 Server đã dừng
2025-08-20T20:16:20: 🚀 Server đang chạy trên http://localhost:8000
2025-08-20T20:16:20: 📁 Thư mục: /home/hikaru/tracnghiem
2025-08-20T20:16:20: ⏹️  Nhấn Ctrl+C để dừng server
2025-08-20T20:21:37: 
2025-08-20T20:21:37: 🛑 Server đã dừng
2025-08-20T20:21:38: 🚀 Server đang chạy trên http://localhost:8000
2025-08-20T20:21:38: 📁 Thư mục: /home/hikaru/tracnghiem
2025-08-20T20:21:38: ⏹️  Nhấn Ctrl+C để dừng server
2025-08-20T20:25:31: 
2025-08-20T20:25:31: 🛑 Server đã dừng
2025-08-20T20:25:32: ❌ Lỗi: [Errno 98] Address already in use
2025-08-20T20:25:32: ❌ Lỗi: [Errno 98] Address already in use
2025-08-20T20:25:33: ❌ Lỗi: [Errno 98] Address already in use
2025-08-20T20:25:33: ❌ Lỗi: [Errno 98] Address already in use
2025-08-20T20:25:34: ❌ Lỗi: [Errno 98] Address already in use
2025-08-20T20:25:34: ❌ Lỗi: [Errno 98] Address already in use
2025-08-20T20:25:35: ❌ Lỗi: [Errno 98] Address already in use
2025-08-20T20:25:35: ❌ Lỗi: [Errno 98] Address already in use
2025-08-20T20:25:36: ❌ Lỗi: [Errno 98] Address already in use
2025-08-20T20:25:36: ❌ Lỗi: [Errno 98] Address already in use
2025-08-20T20:25:37: ❌ Lỗi: [Errno 98] Address already in use
2025-08-20T20:25:37: ❌ Lỗi: [Errno 98] Address already in use
2025-08-20T20:25:38: ❌ Lỗi: [Errno 98] Address already in use
2025-08-20T20:25:38: ❌ Lỗi: [Errno 98] Address already in use
2025-08-20T20:25:39: ❌ Lỗi: [Errno 98] Address already in use
2025-08-20T20:25:39: 
2025-08-20T20:25:39: ❌ Lỗi: [Errno 98] Address already in use
2025-08-20T20:26:16: ❌ Lỗi: [Errno 98] Address already in use
2025-08-20T20:26:17: ❌ Lỗi: [Errno 98] Address already in use
2025-08-20T20:26:17: ❌ Lỗi: [Errno 98] Address already in use
2025-08-20T20:26:18: ❌ Lỗi: [Errno 98] Address already in use
2025-08-20T20:26:18: ❌ Lỗi: [Errno 98] Address already in use
2025-08-20T20:26:19: ❌ Lỗi: [Errno 98] Address already in use
2025-08-20T20:26:19: ❌ Lỗi: [Errno 98] Address already in use
2025-08-20T20:26:19: ❌ Lỗi: [Errno 98] Address already in use
2025-08-20T20:26:20: ❌ Lỗi: [Errno 98] Address already in use
2025-08-20T20:26:20: ❌ Lỗi: [Errno 98] Address already in use
2025-08-20T20:26:21: 🚀 Server đang chạy trên http://localhost:8000
2025-08-20T20:26:21: 📁 Thư mục: /home/hikaru/tracnghiem
2025-08-20T20:26:21: ⏹️  Nhấn Ctrl+C để dừng server
2025-08-20T20:26:27: 
2025-08-20T20:26:27: 🛑 Server đã dừng
2025-08-20T20:26:27: 🚀 Server đang chạy trên http://localhost:8000
2025-08-20T20:26:27: 📁 Thư mục: /home/hikaru/tracnghiem
2025-08-20T20:26:27: ⏹️  Nhấn Ctrl+C để dừng server
